Archive member included to satisfy reference by file (symbol)

/opt/st/stm32cubeide_1.14.0/plugins/com.st.stm32cube.ide.mcu.externaltools.gnu-tools-for-stm32.11.3.rel1.linux64_1.1.100.202309141235/tools/bin/../lib/gcc/arm-none-eabi/11.3.1/../../../../arm-none-eabi/lib/thumb/v6-m/nofp/libc_nano.a(libc_a-exit.o)
                              /opt/st/stm32cubeide_1.14.0/plugins/com.st.stm32cube.ide.mcu.externaltools.gnu-tools-for-stm32.11.3.rel1.linux64_1.1.100.202309141235/tools/bin/../lib/gcc/arm-none-eabi/11.3.1/../../../../arm-none-eabi/lib/thumb/v6-m/nofp/crt0.o (exit)
/opt/st/stm32cubeide_1.14.0/plugins/com.st.stm32cube.ide.mcu.externaltools.gnu-tools-for-stm32.11.3.rel1.linux64_1.1.100.202309141235/tools/bin/../lib/gcc/arm-none-eabi/11.3.1/../../../../arm-none-eabi/lib/thumb/v6-m/nofp/libc_nano.a(libc_a-findfp.o)
                              /opt/st/stm32cubeide_1.14.0/plugins/com.st.stm32cube.ide.mcu.externaltools.gnu-tools-for-stm32.11.3.rel1.linux64_1.1.100.202309141235/tools/bin/../lib/gcc/arm-none-eabi/11.3.1/../../../../arm-none-eabi/lib/thumb/v6-m/nofp/libc_nano.a(libc_a-exit.o) (__stdio_exit_handler)
/opt/st/stm32cubeide_1.14.0/plugins/com.st.stm32cube.ide.mcu.externaltools.gnu-tools-for-stm32.11.3.rel1.linux64_1.1.100.202309141235/tools/bin/../lib/gcc/arm-none-eabi/11.3.1/../../../../arm-none-eabi/lib/thumb/v6-m/nofp/libc_nano.a(libc_a-fwalk.o)
                              /opt/st/stm32cubeide_1.14.0/plugins/com.st.stm32cube.ide.mcu.externaltools.gnu-tools-for-stm32.11.3.rel1.linux64_1.1.100.202309141235/tools/bin/../lib/gcc/arm-none-eabi/11.3.1/../../../../arm-none-eabi/lib/thumb/v6-m/nofp/libc_nano.a(libc_a-findfp.o) (_fwalk_sglue)
/opt/st/stm32cubeide_1.14.0/plugins/com.st.stm32cube.ide.mcu.externaltools.gnu-tools-for-stm32.11.3.rel1.linux64_1.1.100.202309141235/tools/bin/../lib/gcc/arm-none-eabi/11.3.1/../../../../arm-none-eabi/lib/thumb/v6-m/nofp/libc_nano.a(libc_a-stdio.o)
                              /opt/st/stm32cubeide_1.14.0/plugins/com.st.stm32cube.ide.mcu.externaltools.gnu-tools-for-stm32.11.3.rel1.linux64_1.1.100.202309141235/tools/bin/../lib/gcc/arm-none-eabi/11.3.1/../../../../arm-none-eabi/lib/thumb/v6-m/nofp/libc_nano.a(libc_a-findfp.o) (__sread)
/opt/st/stm32cubeide_1.14.0/plugins/com.st.stm32cube.ide.mcu.externaltools.gnu-tools-for-stm32.11.3.rel1.linux64_1.1.100.202309141235/tools/bin/../lib/gcc/arm-none-eabi/11.3.1/../../../../arm-none-eabi/lib/thumb/v6-m/nofp/libc_nano.a(libc_a-memset.o)
                              /opt/st/stm32cubeide_1.14.0/plugins/com.st.stm32cube.ide.mcu.externaltools.gnu-tools-for-stm32.11.3.rel1.linux64_1.1.100.202309141235/tools/bin/../lib/gcc/arm-none-eabi/11.3.1/../../../../arm-none-eabi/lib/thumb/v6-m/nofp/crt0.o (memset)
/opt/st/stm32cubeide_1.14.0/plugins/com.st.stm32cube.ide.mcu.externaltools.gnu-tools-for-stm32.11.3.rel1.linux64_1.1.100.202309141235/tools/bin/../lib/gcc/arm-none-eabi/11.3.1/../../../../arm-none-eabi/lib/thumb/v6-m/nofp/libc_nano.a(libc_a-closer.o)
                              /opt/st/stm32cubeide_1.14.0/plugins/com.st.stm32cube.ide.mcu.externaltools.gnu-tools-for-stm32.11.3.rel1.linux64_1.1.100.202309141235/tools/bin/../lib/gcc/arm-none-eabi/11.3.1/../../../../arm-none-eabi/lib/thumb/v6-m/nofp/libc_nano.a(libc_a-stdio.o) (_close_r)
/opt/st/stm32cubeide_1.14.0/plugins/com.st.stm32cube.ide.mcu.externaltools.gnu-tools-for-stm32.11.3.rel1.linux64_1.1.100.202309141235/tools/bin/../lib/gcc/arm-none-eabi/11.3.1/../../../../arm-none-eabi/lib/thumb/v6-m/nofp/libc_nano.a(libc_a-reent.o)
                              /opt/st/stm32cubeide_1.14.0/plugins/com.st.stm32cube.ide.mcu.externaltools.gnu-tools-for-stm32.11.3.rel1.linux64_1.1.100.202309141235/tools/bin/../lib/gcc/arm-none-eabi/11.3.1/../../../../arm-none-eabi/lib/thumb/v6-m/nofp/libc_nano.a(libc_a-closer.o) (errno)
/opt/st/stm32cubeide_1.14.0/plugins/com.st.stm32cube.ide.mcu.externaltools.gnu-tools-for-stm32.11.3.rel1.linux64_1.1.100.202309141235/tools/bin/../lib/gcc/arm-none-eabi/11.3.1/../../../../arm-none-eabi/lib/thumb/v6-m/nofp/libc_nano.a(libc_a-impure.o)
                              /opt/st/stm32cubeide_1.14.0/plugins/com.st.stm32cube.ide.mcu.externaltools.gnu-tools-for-stm32.11.3.rel1.linux64_1.1.100.202309141235/tools/bin/../lib/gcc/arm-none-eabi/11.3.1/../../../../arm-none-eabi/lib/thumb/v6-m/nofp/libc_nano.a(libc_a-reent.o) (_impure_ptr)
/opt/st/stm32cubeide_1.14.0/plugins/com.st.stm32cube.ide.mcu.externaltools.gnu-tools-for-stm32.11.3.rel1.linux64_1.1.100.202309141235/tools/bin/../lib/gcc/arm-none-eabi/11.3.1/../../../../arm-none-eabi/lib/thumb/v6-m/nofp/libc_nano.a(libc_a-lseekr.o)
                              /opt/st/stm32cubeide_1.14.0/plugins/com.st.stm32cube.ide.mcu.externaltools.gnu-tools-for-stm32.11.3.rel1.linux64_1.1.100.202309141235/tools/bin/../lib/gcc/arm-none-eabi/11.3.1/../../../../arm-none-eabi/lib/thumb/v6-m/nofp/libc_nano.a(libc_a-stdio.o) (_lseek_r)
[...]
Memory Configuration

Name             Origin             Length             Attributes
RAM              0x0000000020000000 0x0000000000000800 xrw
FLASH            0x0000000008000000 0x0000000000004000 xr
*default*        0x0000000000000000 0xffffffffffffffff

Linker script and memory map

LOAD /opt/st/stm32cubeide_1.14.0/plugins/com.st.stm32cube.ide.mcu.externaltools.gnu-tools-for-stm32.11.3.rel1.linux64_1.1.100.202309141235/tools/bin/../lib/gcc/arm-none-eabi/11.3.1/thumb/v6-m/nofp/crti.o
LOAD /opt/st/stm32cubeide_1.14.0/plugins/com.st.stm32cube.ide.mcu.externaltools.gnu-tools-for-stm32.11.3.rel1.linux64_1.1.100.202309141235/tools/bin/../lib/gcc/arm-none-eabi/11.3.1/thumb/v6-m/nofp/crtbegin.o
LOAD /opt/st/stm32cubeide_1.14.0/plugins/com.st.stm32cube.ide.mcu.externaltools.gnu-tools-for-stm32.11.3.rel1.linux64_1.1.100.202309141235/tools/bin/../lib/gcc/arm-none-eabi/11.3.1/../../../../arm-none-eabi/lib/thumb/v6-m/nofp/crt0.o
LOAD ./Core/Src/Led.o
LOAD ./Core/Src/Serial.o
LOAD ./Core/Src/TimeBase.o
LOAD ./Core/Src/adc.o
LOAD ./Core/Src/gpio.o
LOAD ./Core/Src/main.o
LOAD ./Core/Src/spi.o
LOAD ./Core/Src/stm32l0xx_it.o
LOAD ./Core/Src/syscalls.o
LOAD ./Core/Src/sysmem.o
LOAD ./Core/Src/system_stm32l0xx.o
LOAD ./Core/Src/tim.o
LOAD ./Core/Src/usart.o
LOAD ./Core/Startup/startup_stm32l021k4tx.o
LOAD ./Drivers/STM32L0xx_HAL_Driver/Src/stm32l0xx_ll_adc.o
LOAD ./Drivers/STM32L0xx_HAL_Driver/Src/stm32l0xx_ll_dma.o
LOAD ./Drivers/STM32L0xx_HAL_Driver/Src/stm32l0xx_ll_exti.o
LOAD ./Drivers/STM32L0xx_HAL_Driver/Src/stm32l0xx_ll_gpio.o
LOAD ./Drivers/STM32L0xx_HAL_Driver/Src/stm32l0xx_ll_pwr.o
LOAD ./Drivers/STM32L0xx_HAL_Driver/Src/stm32l0xx_ll_rcc.o
LOAD ./Drivers/STM32L0xx_HAL_Driver/Src/stm32l0xx_ll_spi.o
LOAD ./Drivers/STM32L0xx_HAL_Driver/Src/stm32l0xx_ll_tim.o
LOAD ./Drivers/STM32L0xx_HAL_Driver/Src/stm32l0xx_ll_usart.o
LOAD ./Drivers/STM32L0xx_HAL_Driver/Src/stm32l0xx_ll_utils.o
START GROUP
LOAD /opt/st/stm32cubeide_1.14.0/plugins/com.st.stm32cube.ide.mcu.externaltools.gnu-tools-for-stm32.11.3.rel1.linux64_1.1.100.202309141235/tools/bin/../lib/gcc/arm-none-eabi/11.3.1/../../../../arm-none-eabi/lib/thumb/v6-m/nofp/libc_nano.a
LOAD /opt/st/stm32cubeide_1.14.0/plugins/com.st.stm32cube.ide.mcu.externaltools.gnu-tools-for-stm32.11.3.rel1.linux64_1.1.100.202309141235/tools/bin/../lib/gcc/arm-none-eabi/11.3.1/../../../../arm-none-eabi/lib/thumb/v6-m/nofp/libm.a
END GROUP
START GROUP
LOAD /opt/st/stm32cubeide_1.14.0/plugins/com.st.stm32cube.ide.mcu.externaltools.gnu-tools-for-stm32.11.3.rel1.linux64_1.1.100.202309141235/tools/bin/../lib/gcc/arm-none-eabi/11.3.1/thumb/v6-m/nofp/libgcc.a
LOAD /opt/st/stm32cubeide_1.14.0/plugins/com.st.stm32cube.ide.mcu.externaltools.gnu-tools-for-stm32.11.3.rel1.linux64_1.1.100.202309141235/tools/bin/../lib/gcc/arm-none-eabi/11.3.1/../../../../arm-none-eabi/lib/thumb/v6-m/nofp/libc_nano.a
END GROUP
START GROUP
LOAD /opt/st/stm32cubeide_1.14.0/plugins/com.st.stm32cube.ide.mcu.externaltools.gnu-tools-for-stm32.11.3.rel1.linux64_1.1.100.202309141235/tools/bin/../lib/gcc/arm-none-eabi/11.3.1/thumb/v6-m/nofp/libgcc.a
LOAD /opt/st/stm32cubeide_1.14.0/plugins/com.st.stm32cube.ide.mcu.externaltools.gnu-tools-for-stm32.11.3.rel1.linux64_1.1.100.202309141235/tools/bin/../lib/gcc/arm-none-eabi/11.3.1/../../../../arm-none-eabi/lib/thumb/v6-m/nofp/libc_nano.a
LOAD /opt/st/stm32cubeide_1.14.0/plugins/com.st.stm32cube.ide.mcu.externaltools.gnu-tools-for-stm32.11.3.rel1.linux64_1.1.100.202309141235/tools/bin/../lib/gcc/arm-none-eabi/11.3.1/../../../../arm-none-eabi/lib/thumb/v6-m/nofp/libnosys.a
END GROUP
START GROUP
LOAD /opt/st/stm32cubeide_1.14.0/plugins/com.st.stm32cube.ide.mcu.externaltools.gnu-tools-for-stm32.11.3.rel1.linux64_1.1.100.202309141235/tools/bin/../lib/gcc/arm-none-eabi/11.3.1/thumb/v6-m/nofp/libgcc.a
LOAD /opt/st/stm32cubeide_1.14.0/plugins/com.st.stm32cube.ide.mcu.externaltools.gnu-tools-for-stm32.11.3.rel1.linux64_1.1.100.202309141235/tools/bin/../lib/gcc/arm-none-eabi/11.3.1/../../../../arm-none-eabi/lib/thumb/v6-m/nofp/libc_nano.a
LOAD /opt/st/stm32cubeide_1.14.0/plugins/com.st.stm32cube.ide.mcu.externaltools.gnu-tools-for-stm32.11.3.rel1.linux64_1.1.100.202309141235/tools/bin/../lib/gcc/arm-none-eabi/11.3.1/../../../../arm-none-eabi/lib/thumb/v6-m/nofp/libnosys.a
END GROUP
LOAD /opt/st/stm32cubeide_1.14.0/plugins/com.st.stm32cube.ide.mcu.externaltools.gnu-tools-for-stm32.11.3.rel1.linux64_1.1.100.202309141235/tools/bin/../lib/gcc/arm-none-eabi/11.3.1/thumb/v6-m/nofp/crtend.o
LOAD /opt/st/stm32cubeide_1.14.0/plugins/com.st.stm32cube.ide.mcu.externaltools.gnu-tools-for-stm32.11.3.rel1.linux64_1.1.100.202309141235/tools/bin/../lib/gcc/arm-none-eabi/11.3.1/thumb/v6-m/nofp/crtn.o
                0x0000000020000800                _estack = (ORIGIN (RAM) + LENGTH (RAM))
                0x0000000000000200                _Min_Heap_Size = 0x200
                0x0000000000000400                _Min_Stack_Size = 0x400

.isr_vector     0x0000000008000000       0xc0
                0x0000000008000000                . = ALIGN (0x4)
 *(.isr_vector)
 .isr_vector    0x0000000008000000       0xc0 ./Core/Startup/startup_stm32l021k4tx.o
                0x0000000008000000                g_pfnVectors
                0x00000000080000c0                . = ALIGN (0x4)

.text           0x00000000080000c0     0x22e8
                0x00000000080000c0                . = ALIGN (0x4)
 *(.text)
 .text          0x00000000080000c0       0x48 /opt/st/stm32cubeide_1.14.0/plugins/com.st.stm32cube.ide.mcu.externaltools.gnu-tools-for-stm32.11.3.rel1.linux64_1.1.100.202309141235/tools/bin/../lib/gcc/arm-none-eabi/11.3.1/thumb/v6-m/nofp/crtbegin.o
 .text          0x0000000008000108      0x114 /opt/st/stm32cubeide_1.14.0/plugins/com.st.stm32cube.ide.mcu.externaltools.gnu-tools-for-stm32.11.3.rel1.linux64_1.1.100.202309141235/tools/bin/../lib/gcc/arm-none-eabi/11.3.1/thumb/v6-m/nofp/libgcc.a(_udivsi3.o)
                0x0000000008000108                __udivsi3
                0x0000000008000108                __aeabi_uidiv
                0x0000000008000214                __aeabi_uidivmod
 .text          0x000000000800021c        0x4 /opt/st/stm32cubeide_1.14.0/plugins/com.st.stm32cube.ide.mcu.externaltools.gnu-tools-for-stm32.11.3.rel1.linux64_1.1.100.202309141235/tools/bin/../lib/gcc/arm-none-eabi/11.3.1/thumb/v6-m/nofp/libgcc.a(_dvmd_tls.o)
                0x000000000800021c                __aeabi_ldiv0
                0x000000000800021c                __aeabi_idiv0
 *(.text*)
 .text.LL_TIM_EnableCounter
                0x0000000008000220       0x1c ./Core/Src/Led.o
 .text.LL_TIM_CC_EnableChannel
                0x000000000800023c       0x1e ./Core/Src/Led.o
 .text.LL_TIM_OC_SetCompareCH1
                0x000000000800025a       0x18 ./Core/Src/Led.o
 .text.LedStart
                0x0000000008000272       0x20 ./Core/Src/Led.o
                0x0000000008000272                LedStart
 *fill*         0x0000000008000292        0x2 
 .text.LedSetValue
                0x0000000008000294       0x30 ./Core/Src/Led.o
                0x0000000008000294                LedSetValue
 .text.LedPulse
                0x00000000080002c4       0x48 ./Core/Src/Led.o
                0x00000000080002c4                LedPulse
 .text.LL_USART_IsActiveFlag_RXNE
                0x000000000800030c       0x22 ./Core/Src/Serial.o
 .text.LL_USART_IsActiveFlag_TXE
                0x000000000800032e       0x22 ./Core/Src/Serial.o
 .text.LL_USART_ReceiveData8
                0x0000000008000350       0x16 ./Core/Src/Serial.o
 .text.LL_USART_TransmitData8
                0x0000000008000366       0x1e ./Core/Src/Serial.o
 .text.SerialTransmit
                0x0000000008000384       0x54 ./Core/Src/Serial.o
                0x0000000008000384                SerialTransmit
 .text.SerialReceiveChar
                0x00000000080003d8       0x28 ./Core/Src/Serial.o
                0x00000000080003d8                SerialReceiveChar
 .text.LL_TIM_EnableCounter
                0x0000000008000400       0x1c ./Core/Src/TimeBase.o
 .text.LL_TIM_EnableIT_UPDATE
                0x000000000800041c       0x1c ./Core/Src/TimeBase.o
 .text.TimeBaseStartIT
                0x0000000008000438       0x20 ./Core/Src/TimeBase.o
                0x0000000008000438                TimeBaseStartIT
 .text.LL_ADC_SetCommonFrequencyMode
                0x0000000008000458       0x28 ./Core/Src/adc.o
 .text.LL_ADC_SetSamplingTimeCommonChannels
                0x0000000008000480       0x24 ./Core/Src/adc.o
 .text.LL_ADC_REG_SetSequencerScanDirection
                0x00000000080004a4       0x24 ./Core/Src/adc.o
 .text.LL_ADC_REG_SetSequencerChAdd
                0x00000000080004c8       0x22 ./Core/Src/adc.o
 .text.LL_ADC_SetOverSamplingScope
                0x00000000080004ea       0x24 ./Core/Src/adc.o
 *fill*         0x000000000800050e        0x2 
 .text.LL_ADC_EnableInternalRegulator
                0x0000000008000510       0x28 ./Core/Src/adc.o
 .text.LL_ADC_DisableIT_EOC
                0x0000000008000538       0x1e ./Core/Src/adc.o
 .text.LL_ADC_DisableIT_EOS
                0x0000000008000556       0x1e ./Core/Src/adc.o
 .text.LL_APB2_GRP1_EnableClock
                0x0000000008000574       0x2c ./Core/Src/adc.o
 .text.LL_IOP_GRP1_EnableClock
                0x00000000080005a0       0x2c ./Core/Src/adc.o
 .text.MX_ADC_Init
                0x00000000080005cc      0x154 ./Core/Src/adc.o
                0x00000000080005cc                MX_ADC_Init
 .text.LL_IOP_GRP1_EnableClock
                0x0000000008000720       0x2c ./Core/Src/gpio.o
 .text.LL_GPIO_ResetOutputPin
                0x000000000800074c       0x18 ./Core/Src/gpio.o
 .text.MX_GPIO_Init
                0x0000000008000764       0x92 ./Core/Src/gpio.o
                0x0000000008000764                MX_GPIO_Init
 *fill*         0x00000000080007f6        0x2 
 .text.__NVIC_SetPriority
                0x00000000080007f8       0xdc ./Core/Src/main.o
 .text.LL_RCC_HSI_Enable
                0x00000000080008d4       0x1c ./Core/Src/main.o
 .text.LL_RCC_HSI_IsReady
                0x00000000080008f0       0x20 ./Core/Src/main.o
 .text.LL_RCC_HSI_SetCalibTrimming
                0x0000000008000910       0x2c ./Core/Src/main.o
 .text.LL_RCC_SetSysClkSource
                0x000000000800093c       0x28 ./Core/Src/main.o
 .text.LL_RCC_GetSysClkSource
                0x0000000008000964       0x18 ./Core/Src/main.o
 .text.LL_RCC_SetAHBPrescaler
                0x000000000800097c       0x28 ./Core/Src/main.o
 .text.LL_RCC_SetAPB1Prescaler
                0x00000000080009a4       0x2c ./Core/Src/main.o
 .text.LL_RCC_SetAPB2Prescaler
                0x00000000080009d0       0x2c ./Core/Src/main.o
 .text.LL_RCC_SetUSARTClockSource
                0x00000000080009fc       0x30 ./Core/Src/main.o
 .text.LL_RCC_PLL_Enable
                0x0000000008000a2c       0x1c ./Core/Src/main.o
 .text.LL_RCC_PLL_IsReady
                0x0000000008000a48       0x28 ./Core/Src/main.o
 .text.LL_RCC_PLL_ConfigDomain_SYS
                0x0000000008000a70       0x38 ./Core/Src/main.o
 .text.LL_APB1_GRP1_EnableClock
                0x0000000008000aa8       0x2c ./Core/Src/main.o
 .text.LL_APB2_GRP1_EnableClock
                0x0000000008000ad4       0x2c ./Core/Src/main.o
 .text.LL_FLASH_SetLatency
                0x0000000008000b00       0x28 ./Core/Src/main.o
 .text.LL_FLASH_GetLatency
                0x0000000008000b28       0x18 ./Core/Src/main.o
 .text.LL_PWR_SetRegulVoltageScaling
                0x0000000008000b40       0x2c ./Core/Src/main.o
 .text.LL_PWR_IsActiveFlag_VOS
                0x0000000008000b6c       0x20 ./Core/Src/main.o
 .text.LL_USART_EnableIT_RXNE
                0x0000000008000b8c       0x3e ./Core/Src/main.o
 .text.LL_USART_EnableIT_TXE
                0x0000000008000bca       0x3e ./Core/Src/main.o
 .text.main     0x0000000008000c08       0x74 ./Core/Src/main.o
                0x0000000008000c08                main
 .text.SystemClock_Config
                0x0000000008000c7c       0xa8 ./Core/Src/main.o
                0x0000000008000c7c                SystemClock_Config
 .text.LL_APB2_GRP1_EnableClock
                0x0000000008000d24       0x2c ./Core/Src/spi.o
 .text.LL_IOP_GRP1_EnableClock
                0x0000000008000d50       0x2c ./Core/Src/spi.o
 .text.LL_SPI_SetStandard
                0x0000000008000d7c       0x24 ./Core/Src/spi.o
 .text.MX_SPI1_Init
                0x0000000008000da0      0x100 ./Core/Src/spi.o
                0x0000000008000da0                MX_SPI1_Init
 .text.LL_TIM_ClearFlag_UPDATE
                0x0000000008000ea0       0x18 ./Core/Src/stm32l0xx_it.o
 .text.NMI_Handler
                0x0000000008000eb8        0x6 ./Core/Src/stm32l0xx_it.o
                0x0000000008000eb8                NMI_Handler
 .text.HardFault_Handler
                0x0000000008000ebe        0x6 ./Core/Src/stm32l0xx_it.o
                0x0000000008000ebe                HardFault_Handler
 .text.SVC_Handler
                0x0000000008000ec4        0xa ./Core/Src/stm32l0xx_it.o
                0x0000000008000ec4                SVC_Handler
 .text.PendSV_Handler
                0x0000000008000ece        0xa ./Core/Src/stm32l0xx_it.o
                0x0000000008000ece                PendSV_Handler
 .text.SysTick_Handler
                0x0000000008000ed8        0xa ./Core/Src/stm32l0xx_it.o
                0x0000000008000ed8                SysTick_Handler
 *fill*         0x0000000008000ee2        0x2 
 .text.TIM21_IRQHandler
                0x0000000008000ee4       0x1c ./Core/Src/stm32l0xx_it.o
                0x0000000008000ee4                TIM21_IRQHandler
 .text.SystemInit
                0x0000000008000f00        0xa ./Core/Src/system_stm32l0xx.o
                0x0000000008000f00                SystemInit
 *fill*         0x0000000008000f0a        0x2 
 .text.__NVIC_EnableIRQ
                0x0000000008000f0c       0x34 ./Core/Src/tim.o
 .text.__NVIC_SetPriority
                0x0000000008000f40       0xdc ./Core/Src/tim.o
 .text.LL_APB1_GRP1_EnableClock
                0x000000000800101c       0x2c ./Core/Src/tim.o
 .text.LL_APB2_GRP1_EnableClock
                0x0000000008001048       0x2c ./Core/Src/tim.o
 .text.LL_IOP_GRP1_EnableClock
                0x0000000008001074       0x2c ./Core/Src/tim.o
 .text.LL_TIM_DisableARRPreload
                0x00000000080010a0       0x1e ./Core/Src/tim.o
 *fill*         0x00000000080010be        0x2 
 .text.LL_TIM_OC_DisableFast
                0x00000000080010c0       0x70 ./Core/Src/tim.o
 .text.LL_TIM_OC_EnablePreload
                0x0000000008001130       0x70 ./Core/Src/tim.o
 .text.LL_TIM_SetClockSource
                0x00000000080011a0       0x28 ./Core/Src/tim.o
 .text.LL_TIM_SetTriggerOutput
                0x00000000080011c8       0x24 ./Core/Src/tim.o
 .text.LL_TIM_DisableMasterSlaveMode
                0x00000000080011ec       0x1e ./Core/Src/tim.o
 .text.MX_TIM2_Init
                0x000000000800120a      0x110 ./Core/Src/tim.o
                0x000000000800120a                MX_TIM2_Init
 *fill*         0x000000000800131a        0x2 
 .text.MX_TIM21_Init
                0x000000000800131c       0x7c ./Core/Src/tim.o
                0x000000000800131c                MX_TIM21_Init
 .text.LL_APB1_GRP1_EnableClock
                0x0000000008001398       0x2c ./Core/Src/usart.o
 .text.LL_IOP_GRP1_EnableClock
                0x00000000080013c4       0x2c ./Core/Src/usart.o
 .text.LL_USART_Enable
                0x00000000080013f0       0x1c ./Core/Src/usart.o
 .text.LL_USART_ConfigAsyncMode
                0x000000000800140c       0x30 ./Core/Src/usart.o
 .text.MX_USART2_UART_Init
                0x000000000800143c       0xf0 ./Core/Src/usart.o
                0x000000000800143c                MX_USART2_UART_Init
 .text.Reset_Handler
                0x000000000800152c       0x80 ./Core/Startup/startup_stm32l021k4tx.o
                0x000000000800152c                Reset_Handler
 .text.Default_Handler
                0x00000000080015ac        0x2 ./Core/Startup/startup_stm32l021k4tx.o
                0x00000000080015ac                ADC1_COMP_IRQHandler
                0x00000000080015ac                PVD_IRQHandler
                0x00000000080015ac                I2C1_IRQHandler
                0x00000000080015ac                SPI1_IRQHandler
                0x00000000080015ac                EXTI2_3_IRQHandler
                0x00000000080015ac                AES_LPUART1_IRQHandler
                0x00000000080015ac                RTC_IRQHandler
                0x00000000080015ac                EXTI4_15_IRQHandler
                0x00000000080015ac                RCC_IRQHandler
                0x00000000080015ac                DMA1_Channel1_IRQHandler
                0x00000000080015ac                Default_Handler
                0x00000000080015ac                DMA1_Channel4_5_IRQHandler
                0x00000000080015ac                EXTI0_1_IRQHandler
                0x00000000080015ac                WWDG_IRQHandler
                0x00000000080015ac                TIM2_IRQHandler
                0x00000000080015ac                DMA1_Channel2_3_IRQHandler
                0x00000000080015ac                USART2_IRQHandler
                0x00000000080015ac                FLASH_IRQHandler
                0x00000000080015ac                LPTIM1_IRQHandler
 .text.LL_ADC_IsEnabled
                0x00000000080015ae       0x20 ./Drivers/STM32L0xx_HAL_Driver/Src/stm32l0xx_ll_adc.o
 *fill*         0x00000000080015ce        0x2 
 .text.LL_ADC_Init
                0x00000000080015d0       0x6c ./Drivers/STM32L0xx_HAL_Driver/Src/stm32l0xx_ll_adc.o
                0x00000000080015d0                LL_ADC_Init
 .text.LL_ADC_REG_Init
                0x000000000800163c       0x64 ./Drivers/STM32L0xx_HAL_Driver/Src/stm32l0xx_ll_adc.o
                0x000000000800163c                LL_ADC_REG_Init
 .text.LL_GPIO_SetPinMode
                0x00000000080016a0       0x38 ./Drivers/STM32L0xx_HAL_Driver/Src/stm32l0xx_ll_gpio.o
 .text.LL_GPIO_SetPinOutputType
                0x00000000080016d8       0x2a ./Drivers/STM32L0xx_HAL_Driver/Src/stm32l0xx_ll_gpio.o
 .text.LL_GPIO_SetPinSpeed
                0x0000000008001702       0x38 ./Drivers/STM32L0xx_HAL_Driver/Src/stm32l0xx_ll_gpio.o
 .text.LL_GPIO_SetPinPull
                0x000000000800173a       0x38 ./Drivers/STM32L0xx_HAL_Driver/Src/stm32l0xx_ll_gpio.o
 .text.LL_GPIO_SetAFPin_0_7
                0x0000000008001772       0x46 ./Drivers/STM32L0xx_HAL_Driver/Src/stm32l0xx_ll_gpio.o
 .text.LL_GPIO_SetAFPin_8_15
                0x00000000080017b8       0x5a ./Drivers/STM32L0xx_HAL_Driver/Src/stm32l0xx_ll_gpio.o
 .text.LL_GPIO_Init
                0x0000000008001812       0xbc ./Drivers/STM32L0xx_HAL_Driver/Src/stm32l0xx_ll_gpio.o
                0x0000000008001812                LL_GPIO_Init
 *fill*         0x00000000080018ce        0x2 
 .text.LL_RCC_HSI_IsReady
                0x00000000080018d0       0x20 ./Drivers/STM32L0xx_HAL_Driver/Src/stm32l0xx_ll_rcc.o
 .text.LL_RCC_LSE_IsReady
                0x00000000080018f0       0x28 ./Drivers/STM32L0xx_HAL_Driver/Src/stm32l0xx_ll_rcc.o
 .text.LL_RCC_MSI_GetRange
                0x0000000008001918       0x18 ./Drivers/STM32L0xx_HAL_Driver/Src/stm32l0xx_ll_rcc.o
 .text.LL_RCC_GetSysClkSource
                0x0000000008001930       0x18 ./Drivers/STM32L0xx_HAL_Driver/Src/stm32l0xx_ll_rcc.o
 .text.LL_RCC_GetAHBPrescaler
                0x0000000008001948       0x18 ./Drivers/STM32L0xx_HAL_Driver/Src/stm32l0xx_ll_rcc.o
 .text.LL_RCC_GetAPB1Prescaler
                0x0000000008001960       0x18 ./Drivers/STM32L0xx_HAL_Driver/Src/stm32l0xx_ll_rcc.o
 .text.LL_RCC_GetUSARTClockSource
                0x0000000008001978       0x24 ./Drivers/STM32L0xx_HAL_Driver/Src/stm32l0xx_ll_rcc.o
 .text.LL_RCC_PLL_GetMainSource
                0x000000000800199c       0x18 ./Drivers/STM32L0xx_HAL_Driver/Src/stm32l0xx_ll_rcc.o
 .text.LL_RCC_PLL_GetMultiplicator
                0x00000000080019b4       0x18 ./Drivers/STM32L0xx_HAL_Driver/Src/stm32l0xx_ll_rcc.o
 .text.LL_RCC_PLL_GetDivider
                0x00000000080019cc       0x18 ./Drivers/STM32L0xx_HAL_Driver/Src/stm32l0xx_ll_rcc.o
 .text.LL_RCC_IsActiveFlag_HSIDIV
                0x00000000080019e4       0x20 ./Drivers/STM32L0xx_HAL_Driver/Src/stm32l0xx_ll_rcc.o
 .text.LL_RCC_GetUSARTClockFreq
                0x0000000008001a04       0xac ./Drivers/STM32L0xx_HAL_Driver/Src/stm32l0xx_ll_rcc.o
                0x0000000008001a04                LL_RCC_GetUSARTClockFreq
 .text.RCC_GetSystemClockFreq
                0x0000000008001ab0       0x88 ./Drivers/STM32L0xx_HAL_Driver/Src/stm32l0xx_ll_rcc.o
 .text.RCC_GetHCLKClockFreq
                0x0000000008001b38       0x2c ./Drivers/STM32L0xx_HAL_Driver/Src/stm32l0xx_ll_rcc.o
 .text.RCC_GetPCLK1ClockFreq
                0x0000000008001b64       0x28 ./Drivers/STM32L0xx_HAL_Driver/Src/stm32l0xx_ll_rcc.o
 .text.RCC_PLL_GetFreqDomain_SYS
                0x0000000008001b8c       0x70 ./Drivers/STM32L0xx_HAL_Driver/Src/stm32l0xx_ll_rcc.o
 .text.LL_SPI_IsEnabled
                0x0000000008001bfc       0x22 ./Drivers/STM32L0xx_HAL_Driver/Src/stm32l0xx_ll_spi.o
 .text.LL_SPI_SetCRCPolynomial
                0x0000000008001c1e       0x1c ./Drivers/STM32L0xx_HAL_Driver/Src/stm32l0xx_ll_spi.o
 *fill*         0x0000000008001c3a        0x2 
 .text.LL_SPI_Init
                0x0000000008001c3c       0xac ./Drivers/STM32L0xx_HAL_Driver/Src/stm32l0xx_ll_spi.o
                0x0000000008001c3c                LL_SPI_Init
 .text.LL_TIM_SetPrescaler
                0x0000000008001ce8       0x18 ./Drivers/STM32L0xx_HAL_Driver/Src/stm32l0xx_ll_tim.o
 .text.LL_TIM_SetAutoReload
                0x0000000008001d00       0x18 ./Drivers/STM32L0xx_HAL_Driver/Src/stm32l0xx_ll_tim.o
 .text.LL_TIM_OC_SetCompareCH1
                0x0000000008001d18       0x18 ./Drivers/STM32L0xx_HAL_Driver/Src/stm32l0xx_ll_tim.o
 .text.LL_TIM_OC_SetCompareCH2
                0x0000000008001d30       0x18 ./Drivers/STM32L0xx_HAL_Driver/Src/stm32l0xx_ll_tim.o
 .text.LL_TIM_OC_SetCompareCH3
                0x0000000008001d48       0x18 ./Drivers/STM32L0xx_HAL_Driver/Src/stm32l0xx_ll_tim.o
 .text.LL_TIM_OC_SetCompareCH4
                0x0000000008001d60       0x18 ./Drivers/STM32L0xx_HAL_Driver/Src/stm32l0xx_ll_tim.o
 .text.LL_TIM_GenerateEvent_UPDATE
                0x0000000008001d78       0x1c ./Drivers/STM32L0xx_HAL_Driver/Src/stm32l0xx_ll_tim.o
 .text.LL_TIM_Init
                0x0000000008001d94       0x90 ./Drivers/STM32L0xx_HAL_Driver/Src/stm32l0xx_ll_tim.o
                0x0000000008001d94                LL_TIM_Init
 .text.LL_TIM_OC_Init
                0x0000000008001e24       0xb2 ./Drivers/STM32L0xx_HAL_Driver/Src/stm32l0xx_ll_tim.o
                0x0000000008001e24                LL_TIM_OC_Init
 .text.OC1Config
                0x0000000008001ed6       0x8c ./Drivers/STM32L0xx_HAL_Driver/Src/stm32l0xx_ll_tim.o
 *fill*         0x0000000008001f62        0x2 
 .text.OC2Config
                0x0000000008001f64       0x98 ./Drivers/STM32L0xx_HAL_Driver/Src/stm32l0xx_ll_tim.o
 .text.OC3Config
                0x0000000008001ffc       0x94 ./Drivers/STM32L0xx_HAL_Driver/Src/stm32l0xx_ll_tim.o
 .text.OC4Config
                0x0000000008002090       0x9c ./Drivers/STM32L0xx_HAL_Driver/Src/stm32l0xx_ll_tim.o
 .text.LL_USART_IsEnabled
                0x000000000800212c       0x22 ./Drivers/STM32L0xx_HAL_Driver/Src/stm32l0xx_ll_usart.o
 *fill*         0x000000000800214e        0x2 
 .text.LL_USART_SetStopBitsLength
                0x0000000008002150       0x28 ./Drivers/STM32L0xx_HAL_Driver/Src/stm32l0xx_ll_usart.o
 .text.LL_USART_SetHWFlowCtrl
                0x0000000008002178       0x28 ./Drivers/STM32L0xx_HAL_Driver/Src/stm32l0xx_ll_usart.o
 .text.LL_USART_SetBaudRate
                0x00000000080021a0       0x78 ./Drivers/STM32L0xx_HAL_Driver/Src/stm32l0xx_ll_usart.o
 .text.LL_USART_Init
                0x0000000008002218       0xb0 ./Drivers/STM32L0xx_HAL_Driver/Src/stm32l0xx_ll_usart.o
                0x0000000008002218                LL_USART_Init
 .text.LL_InitTick
                0x00000000080022c8       0x34 ./Drivers/STM32L0xx_HAL_Driver/Src/stm32l0xx_ll_utils.o
 .text.LL_Init1msTick
                0x00000000080022fc       0x1e ./Drivers/STM32L0xx_HAL_Driver/Src/stm32l0xx_ll_utils.o
                0x00000000080022fc                LL_Init1msTick
 *fill*         0x000000000800231a        0x2 
 .text.LL_SetSystemCoreClock
                0x000000000800231c       0x1c ./Drivers/STM32L0xx_HAL_Driver/Src/stm32l0xx_ll_utils.o
                0x000000000800231c                LL_SetSystemCoreClock
 .text.memset   0x0000000008002338       0x10 /opt/st/stm32cubeide_1.14.0/plugins/com.st.stm32cube.ide.mcu.externaltools.gnu-tools-for-stm32.11.3.rel1.linux64_1.1.100.202309141235/tools/bin/../lib/gcc/arm-none-eabi/11.3.1/../../../../arm-none-eabi/lib/thumb/v6-m/nofp/libc_nano.a(libc_a-memset.o)
                0x0000000008002338                memset
 .text.__libc_init_array
                0x0000000008002348       0x48 /opt/st/stm32cubeide_1.14.0/plugins/com.st.stm32cube.ide.mcu.externaltools.gnu-tools-for-stm32.11.3.rel1.linux64_1.1.100.202309141235/tools/bin/../lib/gcc/arm-none-eabi/11.3.1/../../../../arm-none-eabi/lib/thumb/v6-m/nofp/libc_nano.a(libc_a-init.o)
                0x0000000008002348                __libc_init_array
 *(.glue_7)
 .glue_7        0x0000000008002390        0x0 linker stubs
 *(.glue_7t)
 .glue_7t       0x0000000008002390        0x0 linker stubs
 *(.eh_frame)
 .eh_frame      0x0000000008002390        0x0 /opt/st/stm32cubeide_1.14.0/plugins/com.st.stm32cube.ide.mcu.externaltools.gnu-tools-for-stm32.11.3.rel1.linux64_1.1.100.202309141235/tools/bin/../lib/gcc/arm-none-eabi/11.3.1/thumb/v6-m/nofp/crtbegin.o
 *(.init)
 .init          0x0000000008002390        0x4 /opt/st/stm32cubeide_1.14.0/plugins/com.st.stm32cube.ide.mcu.externaltools.gnu-tools-for-stm32.11.3.rel1.linux64_1.1.100.202309141235/tools/bin/../lib/gcc/arm-none-eabi/11.3.1/thumb/v6-m/nofp/crti.o
                0x0000000008002390                _init
 .init          0x0000000008002394        0x8 /opt/st/stm32cubeide_1.14.0/plugins/com.st.stm32cube.ide.mcu.externaltools.gnu-tools-for-stm32.11.3.rel1.linux64_1.1.100.202309141235/tools/bin/../lib/gcc/arm-none-eabi/11.3.1/thumb/v6-m/nofp/crtn.o
 *(.fini)
 .fini          0x000000000800239c        0x4 /opt/st/stm32cubeide_1.14.0/plugins/com.st.stm32cube.ide.mcu.externaltools.gnu-tools-for-stm32.11.3.rel1.linux64_1.1.100.202309141235/tools/bin/../lib/gcc/arm-none-eabi/11.3.1/thumb/v6-m/nofp/crti.o
                0x000000000800239c                _fini
 .fini          0x00000000080023a0        0x8 /opt/st/stm32cubeide_1.14.0/plugins/com.st.stm32cube.ide.mcu.externaltools.gnu-tools-for-stm32.11.3.rel1.linux64_1.1.100.202309141235/tools/bin/../lib/gcc/arm-none-eabi/11.3.1/thumb/v6-m/nofp/crtn.o
                0x00000000080023a8                . = ALIGN (0x4)
                0x00000000080023a8                _etext = .

.vfp11_veneer   0x00000000080023a8        0x0
 .vfp11_veneer  0x00000000080023a8        0x0 linker stubs

.v4_bx          0x00000000080023a8        0x0
 .v4_bx         0x00000000080023a8        0x0 linker stubs

.iplt           0x00000000080023a8        0x0
 .iplt          0x00000000080023a8        0x0 /opt/st/stm32cubeide_1.14.0/plugins/com.st.stm32cube.ide.mcu.externaltools.gnu-tools-for-stm32.11.3.rel1.linux64_1.1.100.202309141235/tools/bin/../lib/gcc/arm-none-eabi/11.3.1/thumb/v6-m/nofp/crtbegin.o

.rodata         0x00000000080023a8       0x34
                0x00000000080023a8                . = ALIGN (0x4)
 *(.rodata)
 *(.rodata*)
 .rodata.AHBPrescTable
                0x00000000080023a8       0x10 ./Core/Src/system_stm32l0xx.o
                0x00000000080023a8                AHBPrescTable
 .rodata.APBPrescTable
                0x00000000080023b8        0x8 ./Core/Src/system_stm32l0xx.o
                0x00000000080023b8                APBPrescTable
 .rodata.PLLMulTable
                0x00000000080023c0        0x9 ./Core/Src/system_stm32l0xx.o
                0x00000000080023c0                PLLMulTable
 *fill*         0x00000000080023c9        0x3 
 .rodata.OFFSET_TAB_CCMRx
                0x00000000080023cc        0x7 ./Core/Src/tim.o
 *fill*         0x00000000080023d3        0x1 
 .rodata.SHIFT_TAB_OCxx
                0x00000000080023d4        0x7 ./Core/Src/tim.o
                0x00000000080023dc                . = ALIGN (0x4)
 *fill*         0x00000000080023db        0x1 

.rel.dyn        0x00000000080023dc        0x0
 .rel.iplt      0x00000000080023dc        0x0 /opt/st/stm32cubeide_1.14.0/plugins/com.st.stm32cube.ide.mcu.externaltools.gnu-tools-for-stm32.11.3.rel1.linux64_1.1.100.202309141235/tools/bin/../lib/gcc/arm-none-eabi/11.3.1/thumb/v6-m/nofp/crtbegin.o

.ARM.extab      0x00000000080023dc        0x0
                0x00000000080023dc                . = ALIGN (0x4)
 *(.ARM.extab* .gnu.linkonce.armextab.*)
                0x00000000080023dc                . = ALIGN (0x4)

.ARM            0x00000000080023dc        0x0
                0x00000000080023dc                . = ALIGN (0x4)
                0x00000000080023dc                __exidx_start = .
 *(.ARM.exidx*)
                0x00000000080023dc                __exidx_end = .
                0x00000000080023dc                . = ALIGN (0x4)

.preinit_array  0x00000000080023dc        0x0
                0x00000000080023dc                . = ALIGN (0x4)
                0x00000000080023dc                PROVIDE (__preinit_array_start = .)
 *(.preinit_array*)
                0x00000000080023dc                PROVIDE (__preinit_array_end = .)
                0x00000000080023dc                . = ALIGN (0x4)

.init_array     0x00000000080023dc        0x4
                0x00000000080023dc                . = ALIGN (0x4)
                0x00000000080023dc                PROVIDE (__init_array_start = .)
 *(SORT_BY_NAME(.init_array.*))
 *(.init_array*)
 .init_array    0x00000000080023dc        0x4 /opt/st/stm32cubeide_1.14.0/plugins/com.st.stm32cube.ide.mcu.externaltools.gnu-tools-for-stm32.11.3.rel1.linux64_1.1.100.202309141235/tools/bin/../lib/gcc/arm-none-eabi/11.3.1/thumb/v6-m/nofp/crtbegin.o
                0x00000000080023e0                PROVIDE (__init_array_end = .)
                0x00000000080023e0                . = ALIGN (0x4)

.fini_array     0x00000000080023e0        0x4
                0x00000000080023e0                . = ALIGN (0x4)
                [!provide]                        PROVIDE (__fini_array_start = .)
 *(SORT_BY_NAME(.fini_array.*))
 *(.fini_array*)
 .fini_array    0x00000000080023e0        0x4 /opt/st/stm32cubeide_1.14.0/plugins/com.st.stm32cube.ide.mcu.externaltools.gnu-tools-for-stm32.11.3.rel1.linux64_1.1.100.202309141235/tools/bin/../lib/gcc/arm-none-eabi/11.3.1/thumb/v6-m/nofp/crtbegin.o
                [!provide]                        PROVIDE (__fini_array_end = .)
                0x00000000080023e4                . = ALIGN (0x4)
                0x00000000080023e4                _sidata = LOADADDR (.data)

.data           0x0000000020000000        0xc load address 0x00000000080023e4
                0x0000000020000000                . = ALIGN (0x4)
                0x0000000020000000                _sdata = .
 *(.data)
 *(.data*)
 .data.info     0x0000000020000000        0x8 ./Core/Src/Led.o
 .data.SystemCoreClock
                0x0000000020000008        0x4 ./Core/Src/system_stm32l0xx.o
                0x0000000020000008                SystemCoreClock
 *(.RamFunc)
 *(.RamFunc*)
                0x000000002000000c                . = ALIGN (0x4)
                0x000000002000000c                _edata = .

.igot.plt       0x000000002000000c        0x0 load address 0x00000000080023f0
 .igot.plt      0x000000002000000c        0x0 /opt/st/stm32cubeide_1.14.0/plugins/com.st.stm32cube.ide.mcu.externaltools.gnu-tools-for-stm32.11.3.rel1.linux64_1.1.100.202309141235/tools/bin/../lib/gcc/arm-none-eabi/11.3.1/thumb/v6-m/nofp/crtbegin.o
                0x000000002000000c                . = ALIGN (0x4)

.bss            0x000000002000000c       0x1c load address 0x00000000080023f0
                0x000000002000000c                _sbss = .
                0x000000002000000c                __bss_start__ = _sbss
 *(.bss)
 .bss           0x000000002000000c       0x1c /opt/st/stm32cubeide_1.14.0/plugins/com.st.stm32cube.ide.mcu.externaltools.gnu-tools-for-stm32.11.3.rel1.linux64_1.1.100.202309141235/tools/bin/../lib/gcc/arm-none-eabi/11.3.1/thumb/v6-m/nofp/crtbegin.o
 *(.bss*)
 *(COMMON)
                0x0000000020000028                . = ALIGN (0x4)
                0x0000000020000028                _ebss = .
                0x0000000020000028                __bss_end__ = _ebss

._user_heap_stack
                0x0000000020000028      0x600 load address 0x00000000080023f0
                0x0000000020000028                . = ALIGN (0x8)
                [!provide]                        PROVIDE (end = .)
                0x0000000020000028                PROVIDE (_end = .)
                0x0000000020000228                . = (. + _Min_Heap_Size)
 *fill*         0x0000000020000028      0x200 
                0x0000000020000628                . = (. + _Min_Stack_Size)
 *fill*         0x0000000020000228      0x400 
                0x0000000020000628                . = ALIGN (0x8)

/DISCARD/
 libc.a(*)
 libm.a(*)
 libgcc.a(*)

.ARM.attributes
                0x0000000000000000       0x28
 *(.ARM.attributes)
 .ARM.attributes
                0x0000000000000000       0x1e /opt/st/stm32cubeide_1.14.0/plugins/com.st.stm32cube.ide.mcu.externaltools.gnu-tools-for-stm32.11.3.rel1.linux64_1.1.100.202309141235/tools/bin/../lib/gcc/arm-none-eabi/11.3.1/thumb/v6-m/nofp/crti.o
 .ARM.attributes
                0x000000000000001e       0x2c /opt/st/stm32cubeide_1.14.0/plugins/com.st.stm32cube.ide.mcu.externaltools.gnu-tools-for-stm32.11.3.rel1.linux64_1.1.100.202309141235/tools/bin/../lib/gcc/arm-none-eabi/11.3.1/thumb/v6-m/nofp/crtbegin.o
 .ARM.attributes
                0x000000000000004a       0x2c ./Core/Src/Led.o
 .ARM.attributes
                0x0000000000000076       0x2c ./Core/Src/Serial.o
 .ARM.attributes
                0x00000000000000a2       0x2c ./Core/Src/TimeBase.o
 .ARM.attributes
                0x00000000000000ce       0x2c ./Core/Src/adc.o
 .ARM.attributes
                0x00000000000000fa       0x2c ./Core/Src/gpio.o
 .ARM.attributes
                0x0000000000000126       0x2c ./Core/Src/main.o
 .ARM.attributes
                0x0000000000000152       0x2c ./Core/Src/spi.o
 .ARM.attributes
                0x000000000000017e       0x2c ./Core/Src/stm32l0xx_it.o
 .ARM.attributes
                0x00000000000001aa       0x2c ./Core/Src/system_stm32l0xx.o
 .ARM.attributes
                0x00000000000001d6       0x2c ./Core/Src/tim.o
 .ARM.attributes
                0x0000000000000202       0x2c ./Core/Src/usart.o
 .ARM.attributes
                0x000000000000022e       0x22 ./Core/Startup/startup_stm32l021k4tx.o
 .ARM.attributes
                0x0000000000000250       0x2c ./Drivers/STM32L0xx_HAL_Driver/Src/stm32l0xx_ll_adc.o
 .ARM.attributes
                0x000000000000027c       0x2c ./Drivers/STM32L0xx_HAL_Driver/Src/stm32l0xx_ll_gpio.o
 .ARM.attributes
                0x00000000000002a8       0x2c ./Drivers/STM32L0xx_HAL_Driver/Src/stm32l0xx_ll_rcc.o
 .ARM.attributes
                0x00000000000002d4       0x2c ./Drivers/STM32L0xx_HAL_Driver/Src/stm32l0xx_ll_spi.o
 .ARM.attributes
                0x0000000000000300       0x2c ./Drivers/STM32L0xx_HAL_Driver/Src/stm32l0xx_ll_tim.o
 .ARM.attributes
                0x000000000000032c       0x2c ./Drivers/STM32L0xx_HAL_Driver/Src/stm32l0xx_ll_usart.o
 .ARM.attributes
                0x0000000000000358       0x2c ./Drivers/STM32L0xx_HAL_Driver/Src/stm32l0xx_ll_utils.o
 .ARM.attributes
                0x0000000000000384       0x2c /opt/st/stm32cubeide_1.14.0/plugins/com.st.stm32cube.ide.mcu.externaltools.gnu-tools-for-stm32.11.3.rel1.linux64_1.1.100.202309141235/tools/bin/../lib/gcc/arm-none-eabi/11.3.1/../../../../arm-none-eabi/lib/thumb/v6-m/nofp/libc_nano.a(libc_a-memset.o)
 .ARM.attributes
                0x00000000000003b0       0x2c /opt/st/stm32cubeide_1.14.0/plugins/com.st.stm32cube.ide.mcu.externaltools.gnu-tools-for-stm32.11.3.rel1.linux64_1.1.100.202309141235/tools/bin/../lib/gcc/arm-none-eabi/11.3.1/../../../../arm-none-eabi/lib/thumb/v6-m/nofp/libc_nano.a(libc_a-init.o)
 .ARM.attributes
                0x00000000000003dc       0x1e /opt/st/stm32cubeide_1.14.0/plugins/com.st.stm32cube.ide.mcu.externaltools.gnu-tools-for-stm32.11.3.rel1.linux64_1.1.100.202309141235/tools/bin/../lib/gcc/arm-none-eabi/11.3.1/thumb/v6-m/nofp/libgcc.a(_udivsi3.o)
 .ARM.attributes
                0x00000000000003fa       0x1e /opt/st/stm32cubeide_1.14.0/plugins/com.st.stm32cube.ide.mcu.externaltools.gnu-tools-for-stm32.11.3.rel1.linux64_1.1.100.202309141235/tools/bin/../lib/gcc/arm-none-eabi/11.3.1/thumb/v6-m/nofp/libgcc.a(_dvmd_tls.o)
 .ARM.attributes
                0x0000000000000418       0x1e /opt/st/stm32cubeide_1.14.0/plugins/com.st.stm32cube.ide.mcu.externaltools.gnu-tools-for-stm32.11.3.rel1.linux64_1.1.100.202309141235/tools/bin/../lib/gcc/arm-none-eabi/11.3.1/thumb/v6-m/nofp/crtn.o
OUTPUT(TP.elf elf32-littlearm)
LOAD linker stubs
LOAD /opt/st/stm32cubeide_1.14.0/plugins/com.st.stm32cube.ide.mcu.externaltools.gnu-tools-for-stm32.11.3.rel1.linux64_1.1.100.202309141235/tools/bin/../lib/gcc/arm-none-eabi/11.3.1/../../../../arm-none-eabi/lib/thumb/v6-m/nofp/libc.a
LOAD /opt/st/stm32cubeide_1.14.0/plugins/com.st.stm32cube.ide.mcu.externaltools.gnu-tools-for-stm32.11.3.rel1.linux64_1.1.100.202309141235/tools/bin/../lib/gcc/arm-none-eabi/11.3.1/../../../../arm-none-eabi/lib/thumb/v6-m/nofp/libm.a
LOAD /opt/st/stm32cubeide_1.14.0/plugins/com.st.stm32cube.ide.mcu.externaltools.gnu-tools-for-stm32.11.3.rel1.linux64_1.1.100.202309141235/tools/bin/../lib/gcc/arm-none-eabi/11.3.1/thumb/v6-m/nofp/libgcc.a

.comment        0x0000000000000000       0x43
 .comment       0x0000000000000000       0x43 /opt/st/stm32cubeide_1.14.0/plugins/com.st.stm32cube.ide.mcu.externaltools.gnu-tools-for-stm32.11.3.rel1.linux64_1.1.100.202309141235/tools/bin/../lib/gcc/arm-none-eabi/11.3.1/thumb/v6-m/nofp/crtbegin.o
                                         0x44 (size before relaxing)
 .comment       0x0000000000000043       0x44 ./Core/Src/Led.o
 .comment       0x0000000000000043       0x44 ./Core/Src/Serial.o
 .comment       0x0000000000000043       0x44 ./Core/Src/TimeBase.o
 .comment       0x0000000000000043       0x44 ./Core/Src/adc.o
 .comment       0x0000000000000043       0x44 ./Core/Src/gpio.o
 .comment       0x0000000000000043       0x44 ./Core/Src/main.o
 .comment       0x0000000000000043       0x44 ./Core/Src/spi.o
 .comment       0x0000000000000043       0x44 ./Core/Src/stm32l0xx_it.o
 .comment       0x0000000000000043       0x44 ./Core/Src/system_stm32l0xx.o
 .comment       0x0000000000000043       0x44 ./Core/Src/tim.o
 .comment       0x0000000000000043       0x44 ./Core/Src/usart.o
 .comment       0x0000000000000043       0x44 ./Drivers/STM32L0xx_HAL_Driver/Src/stm32l0xx_ll_adc.o
 .comment       0x0000000000000043       0x44 ./Drivers/STM32L0xx_HAL_Driver/Src/stm32l0xx_ll_gpio.o
 .comment       0x0000000000000043       0x44 ./Drivers/STM32L0xx_HAL_Driver/Src/stm32l0xx_ll_rcc.o
 .comment       0x0000000000000043       0x44 ./Drivers/STM32L0xx_HAL_Driver/Src/stm32l0xx_ll_spi.o
 .comment       0x0000000000000043       0x44 ./Drivers/STM32L0xx_HAL_Driver/Src/stm32l0xx_ll_tim.o
 .comment       0x0000000000000043       0x44 ./Drivers/STM32L0xx_HAL_Driver/Src/stm32l0xx_ll_usart.o
 .comment       0x0000000000000043       0x44 ./Drivers/STM32L0xx_HAL_Driver/Src/stm32l0xx_ll_utils.o

.debug_info     0x0000000000000000     0x6e6a
 .debug_info    0x0000000000000000      0x32f ./Core/Src/Led.o
 .debug_info    0x000000000000032f      0x30c ./Core/Src/Serial.o
 .debug_info    0x000000000000063b      0x274 ./Core/Src/TimeBase.o
 .debug_info    0x00000000000008af      0x825 ./Core/Src/adc.o
 .debug_info    0x00000000000010d4      0x41a ./Core/Src/gpio.o
 .debug_info    0x00000000000014ee      0xb41 ./Core/Src/main.o
 .debug_info    0x000000000000202f      0x577 ./Core/Src/spi.o
 .debug_info    0x00000000000025a6      0x2d4 ./Core/Src/stm32l0xx_it.o
 .debug_info    0x000000000000287a      0x2c9 ./Core/Src/system_stm32l0xx.o
 .debug_info    0x0000000000002b43      0xb17 ./Core/Src/tim.o
 .debug_info    0x000000000000365a      0x5a2 ./Core/Src/usart.o
 .debug_info    0x0000000000003bfc       0x23 ./Core/Startup/startup_stm32l021k4tx.o
 .debug_info    0x0000000000003c1f      0x742 ./Drivers/STM32L0xx_HAL_Driver/Src/stm32l0xx_ll_adc.o
 .debug_info    0x0000000000004361      0x566 ./Drivers/STM32L0xx_HAL_Driver/Src/stm32l0xx_ll_gpio.o
 .debug_info    0x00000000000048c7      0x70a ./Drivers/STM32L0xx_HAL_Driver/Src/stm32l0xx_ll_rcc.o
 .debug_info    0x0000000000004fd1      0x41a ./Drivers/STM32L0xx_HAL_Driver/Src/stm32l0xx_ll_spi.o
 .debug_info    0x00000000000053eb      0xc1b ./Drivers/STM32L0xx_HAL_Driver/Src/stm32l0xx_ll_tim.o
 .debug_info    0x0000000000006006      0x5fa ./Drivers/STM32L0xx_HAL_Driver/Src/stm32l0xx_ll_usart.o
 .debug_info    0x0000000000006600      0x86a ./Drivers/STM32L0xx_HAL_Driver/Src/stm32l0xx_ll_utils.o

.debug_abbrev   0x0000000000000000     0x1f24
 .debug_abbrev  0x0000000000000000      0x166 ./Core/Src/Led.o
 .debug_abbrev  0x0000000000000166      0x180 ./Core/Src/Serial.o
 .debug_abbrev  0x00000000000002e6      0x116 ./Core/Src/TimeBase.o
 .debug_abbrev  0x00000000000003fc      0x192 ./Core/Src/adc.o
 .debug_abbrev  0x000000000000058e      0x197 ./Core/Src/gpio.o
 .debug_abbrev  0x0000000000000725      0x31f ./Core/Src/main.o
 .debug_abbrev  0x0000000000000a44      0x19c ./Core/Src/spi.o
 .debug_abbrev  0x0000000000000be0      0x12b ./Core/Src/stm32l0xx_it.o
 .debug_abbrev  0x0000000000000d0b      0x11c ./Core/Src/system_stm32l0xx.o
 .debug_abbrev  0x0000000000000e27      0x1d3 ./Core/Src/tim.o
 .debug_abbrev  0x0000000000000ffa      0x19b ./Core/Src/usart.o
 .debug_abbrev  0x0000000000001195       0x12 ./Core/Startup/startup_stm32l021k4tx.o
 .debug_abbrev  0x00000000000011a7      0x1e1 ./Drivers/STM32L0xx_HAL_Driver/Src/stm32l0xx_ll_adc.o
 .debug_abbrev  0x0000000000001388      0x1a6 ./Drivers/STM32L0xx_HAL_Driver/Src/stm32l0xx_ll_gpio.o
 .debug_abbrev  0x000000000000152e      0x223 ./Drivers/STM32L0xx_HAL_Driver/Src/stm32l0xx_ll_rcc.o
 .debug_abbrev  0x0000000000001751      0x186 ./Drivers/STM32L0xx_HAL_Driver/Src/stm32l0xx_ll_spi.o
 .debug_abbrev  0x00000000000018d7      0x211 ./Drivers/STM32L0xx_HAL_Driver/Src/stm32l0xx_ll_tim.o
 .debug_abbrev  0x0000000000001ae8      0x1e4 ./Drivers/STM32L0xx_HAL_Driver/Src/stm32l0xx_ll_usart.o
 .debug_abbrev  0x0000000000001ccc      0x258 ./Drivers/STM32L0xx_HAL_Driver/Src/stm32l0xx_ll_utils.o

.debug_aranges  0x0000000000000000      0x8d0
 .debug_aranges
                0x0000000000000000       0x48 ./Core/Src/Led.o
 .debug_aranges
                0x0000000000000048       0x48 ./Core/Src/Serial.o
 .debug_aranges
                0x0000000000000090       0x30 ./Core/Src/TimeBase.o
 .debug_aranges
                0x00000000000000c0       0x70 ./Core/Src/adc.o
 .debug_aranges
                0x0000000000000130       0x30 ./Core/Src/gpio.o
 .debug_aranges
                0x0000000000000160       0xd8 ./Core/Src/main.o
 .debug_aranges
                0x0000000000000238       0x38 ./Core/Src/spi.o
 .debug_aranges
                0x0000000000000270       0x50 ./Core/Src/stm32l0xx_it.o
 .debug_aranges
                0x00000000000002c0       0x28 ./Core/Src/system_stm32l0xx.o
 .debug_aranges
                0x00000000000002e8       0x80 ./Core/Src/tim.o
 .debug_aranges
                0x0000000000000368       0x40 ./Core/Src/usart.o
 .debug_aranges
                0x00000000000003a8       0x28 ./Core/Startup/startup_stm32l021k4tx.o
 .debug_aranges
                0x00000000000003d0       0xa8 ./Drivers/STM32L0xx_HAL_Driver/Src/stm32l0xx_ll_adc.o
 .debug_aranges
                0x0000000000000478       0x70 ./Drivers/STM32L0xx_HAL_Driver/Src/stm32l0xx_ll_gpio.o
 .debug_aranges
                0x00000000000004e8      0x130 ./Drivers/STM32L0xx_HAL_Driver/Src/stm32l0xx_ll_rcc.o
 .debug_aranges
                0x0000000000000618       0x50 ./Drivers/STM32L0xx_HAL_Driver/Src/stm32l0xx_ll_spi.o
 .debug_aranges
                0x0000000000000668      0x100 ./Drivers/STM32L0xx_HAL_Driver/Src/stm32l0xx_ll_tim.o
 .debug_aranges
                0x0000000000000768       0x78 ./Drivers/STM32L0xx_HAL_Driver/Src/stm32l0xx_ll_usart.o
 .debug_aranges
                0x00000000000007e0       0xf0 ./Drivers/STM32L0xx_HAL_Driver/Src/stm32l0xx_ll_utils.o

.debug_rnglists
                0x0000000000000000      0x65d
 .debug_rnglists
                0x0000000000000000       0x31 ./Core/Src/Led.o
 .debug_rnglists
                0x0000000000000031       0x31 ./Core/Src/Serial.o
 .debug_rnglists
                0x0000000000000062       0x1f ./Core/Src/TimeBase.o
 .debug_rnglists
                0x0000000000000081       0x50 ./Core/Src/adc.o
 .debug_rnglists
                0x00000000000000d1       0x20 ./Core/Src/gpio.o
 .debug_rnglists
                0x00000000000000f1       0x9f ./Core/Src/main.o
 .debug_rnglists
                0x0000000000000190       0x26 ./Core/Src/spi.o
 .debug_rnglists
                0x00000000000001b6       0x37 ./Core/Src/stm32l0xx_it.o
 .debug_rnglists
                0x00000000000001ed       0x1a ./Core/Src/system_stm32l0xx.o
 .debug_rnglists
                0x0000000000000207       0x5d ./Core/Src/tim.o
 .debug_rnglists
                0x0000000000000264       0x2c ./Core/Src/usart.o
 .debug_rnglists
                0x0000000000000290       0x1a ./Core/Startup/startup_stm32l021k4tx.o
 .debug_rnglists
                0x00000000000002aa       0x7a ./Drivers/STM32L0xx_HAL_Driver/Src/stm32l0xx_ll_adc.o
 .debug_rnglists
                0x0000000000000324       0x50 ./Drivers/STM32L0xx_HAL_Driver/Src/stm32l0xx_ll_gpio.o
 .debug_rnglists
                0x0000000000000374       0xe5 ./Drivers/STM32L0xx_HAL_Driver/Src/stm32l0xx_ll_rcc.o
 .debug_rnglists
                0x0000000000000459       0x38 ./Drivers/STM32L0xx_HAL_Driver/Src/stm32l0xx_ll_spi.o
 .debug_rnglists
                0x0000000000000491       0xc3 ./Drivers/STM32L0xx_HAL_Driver/Src/stm32l0xx_ll_tim.o
 .debug_rnglists
                0x0000000000000554       0x56 ./Drivers/STM32L0xx_HAL_Driver/Src/stm32l0xx_ll_usart.o
 .debug_rnglists
                0x00000000000005aa       0xb3 ./Drivers/STM32L0xx_HAL_Driver/Src/stm32l0xx_ll_utils.o

.debug_macro    0x0000000000000000     0xd1e1
 .debug_macro   0x0000000000000000       0xd3 ./Core/Src/Led.o
 .debug_macro   0x00000000000000d3      0xac0 ./Core/Src/Led.o
 .debug_macro   0x0000000000000b93       0x22 ./Core/Src/Led.o
 .debug_macro   0x0000000000000bb5       0x8e ./Core/Src/Led.o
 .debug_macro   0x0000000000000c43       0x51 ./Core/Src/Led.o
 .debug_macro   0x0000000000000c94      0x103 ./Core/Src/Led.o
 .debug_macro   0x0000000000000d97       0x6a ./Core/Src/Led.o
 .debug_macro   0x0000000000000e01      0x1df ./Core/Src/Led.o
 .debug_macro   0x0000000000000fe0       0x2e ./Core/Src/Led.o
 .debug_macro   0x000000000000100e       0x28 ./Core/Src/Led.o
 .debug_macro   0x0000000000001036       0x1c ./Core/Src/Led.o
 .debug_macro   0x0000000000001052       0x22 ./Core/Src/Led.o
 .debug_macro   0x0000000000001074       0xaf ./Core/Src/Led.o
 .debug_macro   0x0000000000001123      0x3ad ./Core/Src/Led.o
 .debug_macro   0x00000000000014d0     0x7e0b ./Core/Src/Led.o
 .debug_macro   0x00000000000092db       0x66 ./Core/Src/Led.o
 .debug_macro   0x0000000000009341      0x53f ./Core/Src/Led.o
 .debug_macro   0x0000000000009880      0x162 ./Core/Src/Serial.o
 .debug_macro   0x00000000000099e2      0x6be ./Core/Src/Serial.o
 .debug_macro   0x000000000000a0a0      0x3b4 ./Core/Src/Serial.o
 .debug_macro   0x000000000000a454       0xad ./Core/Src/Serial.o
 .debug_macro   0x000000000000a501      0x13d ./Core/Src/Serial.o
 .debug_macro   0x000000000000a63e      0x108 ./Core/Src/Serial.o
 .debug_macro   0x000000000000a746       0x16 ./Core/Src/Serial.o
 .debug_macro   0x000000000000a75c       0x2a ./Core/Src/Serial.o
 .debug_macro   0x000000000000a786       0xda ./Core/Src/Serial.o
 .debug_macro   0x000000000000a860      0x285 ./Core/Src/Serial.o
 .debug_macro   0x000000000000aae5      0x123 ./Core/Src/Serial.o
 .debug_macro   0x000000000000ac08      0x545 ./Core/Src/Serial.o
 .debug_macro   0x000000000000b14d      0x30c ./Core/Src/Serial.o
 .debug_macro   0x000000000000b459      0x12d ./Core/Src/Serial.o
 .debug_macro   0x000000000000b586       0x2e ./Core/Src/Serial.o
 .debug_macro   0x000000000000b5b4       0xdd ./Core/Src/TimeBase.o
 .debug_macro   0x000000000000b691      0x158 ./Core/Src/adc.o
 .debug_macro   0x000000000000b7e9      0x158 ./Core/Src/gpio.o
 .debug_macro   0x000000000000b941      0x1a2 ./Core/Src/main.o
 .debug_macro   0x000000000000bae3      0x158 ./Core/Src/spi.o
 .debug_macro   0x000000000000bc3b      0x162 ./Core/Src/stm32l0xx_it.o
 .debug_macro   0x000000000000bd9d       0xba ./Core/Src/system_stm32l0xx.o
 .debug_macro   0x000000000000be57      0x158 ./Core/Src/tim.o
 .debug_macro   0x000000000000bfaf      0x158 ./Core/Src/usart.o
 .debug_macro   0x000000000000c107      0x131 ./Drivers/STM32L0xx_HAL_Driver/Src/stm32l0xx_ll_adc.o
 .debug_macro   0x000000000000c238       0xfc ./Drivers/STM32L0xx_HAL_Driver/Src/stm32l0xx_ll_gpio.o
 .debug_macro   0x000000000000c334      0x127 ./Drivers/STM32L0xx_HAL_Driver/Src/stm32l0xx_ll_gpio.o
 .debug_macro   0x000000000000c45b       0xe7 ./Drivers/STM32L0xx_HAL_Driver/Src/stm32l0xx_ll_rcc.o
 .debug_macro   0x000000000000c542      0x3ae ./Drivers/STM32L0xx_HAL_Driver/Src/stm32l0xx_ll_rcc.o
 .debug_macro   0x000000000000c8f0      0x123 ./Drivers/STM32L0xx_HAL_Driver/Src/stm32l0xx_ll_spi.o
 .debug_macro   0x000000000000ca13      0x11d ./Drivers/STM32L0xx_HAL_Driver/Src/stm32l0xx_ll_spi.o
 .debug_macro   0x000000000000cb30      0x11a ./Drivers/STM32L0xx_HAL_Driver/Src/stm32l0xx_ll_tim.o
 .debug_macro   0x000000000000cc4a      0x12f ./Drivers/STM32L0xx_HAL_Driver/Src/stm32l0xx_ll_usart.o
 .debug_macro   0x000000000000cd79      0x306 ./Drivers/STM32L0xx_HAL_Driver/Src/stm32l0xx_ll_usart.o
 .debug_macro   0x000000000000d07f      0x162 ./Drivers/STM32L0xx_HAL_Driver/Src/stm32l0xx_ll_utils.o

.debug_line     0x0000000000000000     0x7cd6
 .debug_line    0x0000000000000000      0x50e ./Core/Src/Led.o
 .debug_line    0x000000000000050e      0x68d ./Core/Src/Serial.o
 .debug_line    0x0000000000000b9b      0x4ae ./Core/Src/TimeBase.o
 .debug_line    0x0000000000001049      0x6f3 ./Core/Src/adc.o
 .debug_line    0x000000000000173c      0x604 ./Core/Src/gpio.o
 .debug_line    0x0000000000001d40      0x9d6 ./Core/Src/main.o
 .debug_line    0x0000000000002716      0x64b ./Core/Src/spi.o
 .debug_line    0x0000000000002d61      0x648 ./Core/Src/stm32l0xx_it.o
 .debug_line    0x00000000000033a9      0x4e3 ./Core/Src/system_stm32l0xx.o
 .debug_line    0x000000000000388c      0x857 ./Core/Src/tim.o
 .debug_line    0x00000000000040e3      0x664 ./Core/Src/usart.o
 .debug_line    0x0000000000004747       0x8d ./Core/Startup/startup_stm32l021k4tx.o
 .debug_line    0x00000000000047d4      0x6fe ./Drivers/STM32L0xx_HAL_Driver/Src/stm32l0xx_ll_adc.o
 .debug_line    0x0000000000004ed2      0x603 ./Drivers/STM32L0xx_HAL_Driver/Src/stm32l0xx_ll_gpio.o
 .debug_line    0x00000000000054d5      0xa12 ./Drivers/STM32L0xx_HAL_Driver/Src/stm32l0xx_ll_rcc.o
 .debug_line    0x0000000000005ee7      0x58a ./Drivers/STM32L0xx_HAL_Driver/Src/stm32l0xx_ll_spi.o
 .debug_line    0x0000000000006471      0x8f7 ./Drivers/STM32L0xx_HAL_Driver/Src/stm32l0xx_ll_tim.o
 .debug_line    0x0000000000006d68      0x66c ./Drivers/STM32L0xx_HAL_Driver/Src/stm32l0xx_ll_usart.o
 .debug_line    0x00000000000073d4      0x902 ./Drivers/STM32L0xx_HAL_Driver/Src/stm32l0xx_ll_utils.o

.debug_str      0x0000000000000000    0x43285
 .debug_str     0x0000000000000000    0x33a62 ./Core/Src/Led.o
                                      0x33ca3 (size before relaxing)
 .debug_str     0x0000000000033a62     0xa8fe ./Core/Src/Serial.o
                                      0x3e494 (size before relaxing)
 .debug_str     0x000000000003e360       0x4f ./Core/Src/TimeBase.o
                                      0x33c52 (size before relaxing)
 .debug_str     0x000000000003e3af      0x3dd ./Core/Src/adc.o
                                      0x3e7e2 (size before relaxing)
 .debug_str     0x000000000003e78c       0x51 ./Core/Src/gpio.o
                                      0x3e54e (size before relaxing)
 .debug_str     0x000000000003e7dd      0x470 ./Core/Src/main.o
                                      0x3ea62 (size before relaxing)
 .debug_str     0x000000000003ec4d       0xcd ./Core/Src/spi.o
                                      0x3e60d (size before relaxing)
 .debug_str     0x000000000003ed1a       0x9f ./Core/Src/stm32l0xx_it.o
                                      0x3e4ab (size before relaxing)
 .debug_str     0x000000000003edb9       0x89 ./Core/Src/system_stm32l0xx.o
                                      0x31233 (size before relaxing)
 .debug_str     0x000000000003ee42      0x16c ./Core/Src/tim.o
                                      0x3e965 (size before relaxing)
 .debug_str     0x000000000003efae       0xa2 ./Core/Src/usart.o
                                      0x3e61d (size before relaxing)
 .debug_str     0x000000000003f050       0x34 ./Core/Startup/startup_stm32l021k4tx.o
                                         0x71 (size before relaxing)
 .debug_str     0x000000000003f084      0xe39 ./Drivers/STM32L0xx_HAL_Driver/Src/stm32l0xx_ll_adc.o
                                      0x36c70 (size before relaxing)
 .debug_str     0x000000000003febd      0x539 ./Drivers/STM32L0xx_HAL_Driver/Src/stm32l0xx_ll_gpio.o
                                      0x32334 (size before relaxing)
 .debug_str     0x00000000000403f6      0x534 ./Drivers/STM32L0xx_HAL_Driver/Src/stm32l0xx_ll_rcc.o
                                      0x33038 (size before relaxing)
 .debug_str     0x000000000004092a      0x744 ./Drivers/STM32L0xx_HAL_Driver/Src/stm32l0xx_ll_spi.o
                                      0x33d76 (size before relaxing)
 .debug_str     0x000000000004106e      0xd67 ./Drivers/STM32L0xx_HAL_Driver/Src/stm32l0xx_ll_tim.o
                                      0x34fae (size before relaxing)
 .debug_str     0x0000000000041dd5      0x805 ./Drivers/STM32L0xx_HAL_Driver/Src/stm32l0xx_ll_usart.o
                                      0x34931 (size before relaxing)
 .debug_str     0x00000000000425da      0xcab ./Drivers/STM32L0xx_HAL_Driver/Src/stm32l0xx_ll_utils.o
                                      0x34761 (size before relaxing)

.debug_frame    0x0000000000000000     0x1cb4
 .debug_frame   0x0000000000000000       0xc8 ./Core/Src/Led.o
 .debug_frame   0x00000000000000c8       0xcc ./Core/Src/Serial.o
 .debug_frame   0x0000000000000194       0x6c ./Core/Src/TimeBase.o
 .debug_frame   0x0000000000000200      0x174 ./Core/Src/adc.o
 .debug_frame   0x0000000000000374       0x70 ./Core/Src/gpio.o
 .debug_frame   0x00000000000003e4      0x2ec ./Core/Src/main.o
 .debug_frame   0x00000000000006d0       0x90 ./Core/Src/spi.o
 .debug_frame   0x0000000000000760       0xd8 ./Core/Src/stm32l0xx_it.o
 .debug_frame   0x0000000000000838       0x4c ./Core/Src/system_stm32l0xx.o
 .debug_frame   0x0000000000000884      0x1b4 ./Core/Src/tim.o
 .debug_frame   0x0000000000000a38       0xb0 ./Core/Src/usart.o
 .debug_frame   0x0000000000000ae8      0x250 ./Drivers/STM32L0xx_HAL_Driver/Src/stm32l0xx_ll_adc.o
 .debug_frame   0x0000000000000d38      0x170 ./Drivers/STM32L0xx_HAL_Driver/Src/stm32l0xx_ll_gpio.o
 .debug_frame   0x0000000000000ea8      0x42c ./Drivers/STM32L0xx_HAL_Driver/Src/stm32l0xx_ll_rcc.o
 .debug_frame   0x00000000000012d4       0xf0 ./Drivers/STM32L0xx_HAL_Driver/Src/stm32l0xx_ll_spi.o
 .debug_frame   0x00000000000013c4      0x3b0 ./Drivers/STM32L0xx_HAL_Driver/Src/stm32l0xx_ll_tim.o
 .debug_frame   0x0000000000001774      0x190 ./Drivers/STM32L0xx_HAL_Driver/Src/stm32l0xx_ll_usart.o
 .debug_frame   0x0000000000001904      0x344 ./Drivers/STM32L0xx_HAL_Driver/Src/stm32l0xx_ll_utils.o
 .debug_frame   0x0000000000001c48       0x20 /opt/st/stm32cubeide_1.14.0/plugins/com.st.stm32cube.ide.mcu.externaltools.gnu-tools-for-stm32.11.3.rel1.linux64_1.1.100.202309141235/tools/bin/../lib/gcc/arm-none-eabi/11.3.1/../../../../arm-none-eabi/lib/thumb/v6-m/nofp/libc_nano.a(libc_a-memset.o)
 .debug_frame   0x0000000000001c68       0x2c /opt/st/stm32cubeide_1.14.0/plugins/com.st.stm32cube.ide.mcu.externaltools.gnu-tools-for-stm32.11.3.rel1.linux64_1.1.100.202309141235/tools/bin/../lib/gcc/arm-none-eabi/11.3.1/../../../../arm-none-eabi/lib/thumb/v6-m/nofp/libc_nano.a(libc_a-init.o)
 .debug_frame   0x0000000000001c94       0x20 /opt/st/stm32cubeide_1.14.0/plugins/com.st.stm32cube.ide.mcu.externaltools.gnu-tools-for-stm32.11.3.rel1.linux64_1.1.100.202309141235/tools/bin/../lib/gcc/arm-none-eabi/11.3.1/thumb/v6-m/nofp/libgcc.a(_udivsi3.o)

.debug_line_str
                0x0000000000000000       0x65
 .debug_line_str
                0x0000000000000000       0x65 ./Core/Startup/startup_stm32l021k4tx.o
                                         0x7d (size before relaxing)
